
> frontend@0.1.0 build
> next build

node.exe :  ÔÜá Specified 
"headers" will not automatically 
work with "output: export". See 
more info here: https://nextjs.org
/docs/messages/export-no-custom-ro
utes
Au caractère Ligne:1 : 1
+ & "C:\nvm4w\nodejs/node.exe" "C:
\nvm4w\nodejs/node_modules/npm/bin
/np ...
+ ~~~~~~~~~~~~~~~~~~~~~~~~~~~~~~~~
~~~~~~~~~~~~~~~~~~~~~~~~~~~~~~~~~~
~~~
    + CategoryInfo          : Not 
   Specified: ( ÔÜá Specified ..  
  .o-custom-routes:String) [],    
 RemoteException
    + FullyQualifiedErrorId : Nat 
   iveCommandError
 
 ÔÜá Specified "headers" will not 
automatically work with "output: 
export". See more info here: https
://nextjs.org/docs/messages/export
-no-custom-routes
   Ôû▓ Next.js 15.1.0
   - Environments: .env.local

   Creating an optimized production build ...
 ÔÜá Specified "headers" will not 
automatically work with "output: 
export". See more info here: https
://nextjs.org/docs/messages/export
-no-custom-routes
Failed to compile.

./src/app/scanner/page.tsx
Error:   [31mx[0m You're 
importing a component that needs 
`useState`. This React hook only 
works in a client component. To 
fix, mark the file (or its 
parent) with the `"use client"` 
directive.
  [31m|[0m 
  [31m|[0m  Learn more: https://
nextjs.org/docs/app/api-reference/
directives/use-client
  [31m|[0m 
  [31m|[0m 
   ,-[[36;1;4mC:\Users\D├®si Inno
vaTech\Desktop\ci\pharmacy-app\fro
ntend\src\app\scanner\page.tsx[0m
:1:1]
 [2m1[0m | import React, { 
useState, useRef, Suspense } from 
"react";
   : [35;1m                
^^^^^^^^[0m
 [2m2[0m | import { useRouter, 
useSearchParams } from 
"next/navigation";
 [2m3[0m | import { ArrowLeft, 
Camera, RefreshCw, CheckCircle, 
Search, FileText, CreditCard, 
ShieldCheck } from "lucide-react";
 [2m3[0m | import { cn } from 
"@/lib/utils";
   `----
  [31mx[0m You're importing a 
component that needs `useRef`. 
This React hook only works in a 
client component. To fix, mark 
the file (or its parent) with the 
`"use client"` directive.
  [31m|[0m 
  [31m|[0m  Learn more: https://
nextjs.org/docs/app/api-reference/
directives/use-client
  [31m|[0m 
  [31m|[0m 
   ,-[[36;1;4mC:\Users\D├®si Inno
vaTech\Desktop\ci\pharmacy-app\fro
ntend\src\app\scanner\page.tsx[0m
:1:1]
 [2m1[0m | import React, { 
useState, useRef, Suspense } from 
"react";
   : [35;1m                      
    ^^^^^^[0m
 [2m2[0m | import { useRouter, 
useSearchParams } from 
"next/navigation";
 [2m3[0m | import { ArrowLeft, 
Camera, RefreshCw, CheckCircle, 
Search, FileText, CreditCard, 
ShieldCheck } from "lucide-react";
 [2m3[0m | import { cn } from 
"@/lib/utils";
   `----
  [31mx[0m You're importing a 
component that needs `useRouter`. 
This React hook only works in a 
client component. To fix, mark 
the file (or its parent) with the 
`"use client"` directive.
  [31m|[0m 
  [31m|[0m  Learn more: https://
nextjs.org/docs/app/api-reference/
directives/use-client
  [31m|[0m 
  [31m|[0m 
   ,-[[36;1;4mC:\Users\D├®si Inno
vaTech\Desktop\ci\pharmacy-app\fro
ntend\src\app\scanner\page.tsx[0m
:2:1]
 [2m1[0m | import React, { 
useState, useRef, Suspense } from 
"react";
 [2m2[0m | import { useRouter, 
useSearchParams } from 
"next/navigation";
   : [35;1m         ^^^^^^^^^[0m
 [2m3[0m | import { ArrowLeft, 
Camera, RefreshCw, CheckCircle, 
Search, FileText, CreditCard, 
ShieldCheck } from "lucide-react";
 [2m4[0m | import { cn } from 
"@/lib/utils";
 [2m4[0m | import { 
firebaseService } from 
"../../services/firebaseService";
   `----
  [31mx[0m You're importing a 
component that needs 
`useSearchParams`. This React 
hook only works in a client 
component. To fix, mark the file 
(or its parent) with the `"use 
client"` directive.
  [31m|[0m 
  [31m|[0m  Learn more: https://
nextjs.org/docs/app/api-reference/
directives/use-client
  [31m|[0m 
  [31m|[0m 
   ,-[[36;1;4mC:\Users\D├®si Inno
vaTech\Desktop\ci\pharmacy-app\fro
ntend\src\app\scanner\page.tsx[0m
:2:1]
 [2m1[0m | import React, { 
useState, useRef, Suspense } from 
"react";
 [2m2[0m | import { useRouter, 
useSearchParams } from 
"next/navigation";
   : [35;1m                    
^^^^^^^^^^^^^^^[0m
 [2m3[0m | import { ArrowLeft, 
Camera, RefreshCw, CheckCircle, 
Search, FileText, CreditCard, 
ShieldCheck } from "lucide-react";
 [2m4[0m | import { cn } from 
"@/lib/utils";
 [2m4[0m | import { 
firebaseService } from 
"../../services/firebaseService";
   `----

Import trace for requested module:
./src/app/scanner/page.tsx


> Build failed because of webpack 
errors
